172.31.176.42 | CHANGED | rc=0 >>
hello
